<?xml version="1.0"?>
<link_info>
   <banner>TI ARM Linker Unix v16.9.3.LTS</banner>
   <copyright>Copyright (c) 1996-2017 Texas Instruments Incorporated</copyright>
   <link_time>0x5a019d88</link_time>
   <link_errors>0x0</link_errors>
   <output_file>PEC2_2.out</output_file>
   <entry_point>
      <name>_c_int00</name>
      <address>0x5d71</address>
   </entry_point>
   <input_file_list>
      <input_file id="fl-2">
         <path>./</path>
         <kind>object</kind>
         <file>main.obj</file>
         <name>main.obj</name>
      </input_file>
      <input_file id="fl-3">
         <path>./</path>
         <kind>object</kind>
         <file>msp432_startup_ccs.obj</file>
         <name>msp432_startup_ccs.obj</name>
      </input_file>
      <input_file id="fl-4">
         <path>./</path>
         <kind>object</kind>
         <file>system_msp432p401r.obj</file>
         <name>system_msp432p401r.obj</name>
      </input_file>
      <input_file id="fl-5">
         <path>./freertos/cortex-m4/</path>
         <kind>object</kind>
         <file>port.obj</file>
         <name>port.obj</name>
      </input_file>
      <input_file id="fl-6">
         <path>./freertos/cortex-m4/</path>
         <kind>object</kind>
         <file>portasm.obj</file>
         <name>portasm.obj</name>
      </input_file>
      <input_file id="fl-7">
         <path>./freertos/src/</path>
         <kind>object</kind>
         <file>croutine.obj</file>
         <name>croutine.obj</name>
      </input_file>
      <input_file id="fl-8">
         <path>./freertos/src/</path>
         <kind>object</kind>
         <file>event_groups.obj</file>
         <name>event_groups.obj</name>
      </input_file>
      <input_file id="fl-9">
         <path>./freertos/src/</path>
         <kind>object</kind>
         <file>heap_2.obj</file>
         <name>heap_2.obj</name>
      </input_file>
      <input_file id="fl-a">
         <path>./freertos/src/</path>
         <kind>object</kind>
         <file>list.obj</file>
         <name>list.obj</name>
      </input_file>
      <input_file id="fl-b">
         <path>./freertos/src/</path>
         <kind>object</kind>
         <file>queue.obj</file>
         <name>queue.obj</name>
      </input_file>
      <input_file id="fl-c">
         <path>./freertos/src/</path>
         <kind>object</kind>
         <file>tasks.obj</file>
         <name>tasks.obj</name>
      </input_file>
      <input_file id="fl-d">
         <path>./freertos/src/</path>
         <kind>object</kind>
         <file>timers.obj</file>
         <name>timers.obj</name>
      </input_file>
      <input_file id="fl-e">
         <path>./ti/cc3100/board/</path>
         <kind>object</kind>
         <file>board.obj</file>
         <name>board.obj</name>
      </input_file>
      <input_file id="fl-f">
         <path>./ti/cc3100/board/</path>
         <kind>object</kind>
         <file>cli_uart.obj</file>
         <name>cli_uart.obj</name>
      </input_file>
      <input_file id="fl-10">
         <path>./ti/cc3100/board/</path>
         <kind>object</kind>
         <file>spi_cc3100.obj</file>
         <name>spi_cc3100.obj</name>
      </input_file>
      <input_file id="fl-11">
         <path>./ti/cc3100/oslib/</path>
         <kind>object</kind>
         <file>osi_freertos.obj</file>
         <name>osi_freertos.obj</name>
      </input_file>
      <input_file id="fl-12">
         <path>./ti/cc3100/simplelink/source/</path>
         <kind>object</kind>
         <file>device.obj</file>
         <name>device.obj</name>
      </input_file>
      <input_file id="fl-13">
         <path>./ti/cc3100/simplelink/source/</path>
         <kind>object</kind>
         <file>driver.obj</file>
         <name>driver.obj</name>
      </input_file>
      <input_file id="fl-14">
         <path>./ti/cc3100/simplelink/source/</path>
         <kind>object</kind>
         <file>flowcont.obj</file>
         <name>flowcont.obj</name>
      </input_file>
      <input_file id="fl-15">
         <path>./ti/cc3100/simplelink/source/</path>
         <kind>object</kind>
         <file>fs.obj</file>
         <name>fs.obj</name>
      </input_file>
      <input_file id="fl-16">
         <path>./ti/cc3100/simplelink/source/</path>
         <kind>object</kind>
         <file>netapp.obj</file>
         <name>netapp.obj</name>
      </input_file>
      <input_file id="fl-17">
         <path>./ti/cc3100/simplelink/source/</path>
         <kind>object</kind>
         <file>netcfg.obj</file>
         <name>netcfg.obj</name>
      </input_file>
      <input_file id="fl-18">
         <path>./ti/cc3100/simplelink/source/</path>
         <kind>object</kind>
         <file>socket.obj</file>
         <name>socket.obj</name>
      </input_file>
      <input_file id="fl-19">
         <path>./ti/cc3100/simplelink/source/</path>
         <kind>object</kind>
         <file>spawn.obj</file>
         <name>spawn.obj</name>
      </input_file>
      <input_file id="fl-1a">
         <path>./ti/cc3100/simplelink/source/</path>
         <kind>object</kind>
         <file>wlan.obj</file>
         <name>wlan.obj</name>
      </input_file>
      <input_file id="fl-1b">
         <path>./ti/graphics/</path>
         <kind>object</kind>
         <file>button.obj</file>
         <name>button.obj</name>
      </input_file>
      <input_file id="fl-1c">
         <path>./ti/graphics/</path>
         <kind>object</kind>
         <file>checkbox.obj</file>
         <name>checkbox.obj</name>
      </input_file>
      <input_file id="fl-1d">
         <path>./ti/graphics/</path>
         <kind>object</kind>
         <file>circle.obj</file>
         <name>circle.obj</name>
      </input_file>
      <input_file id="fl-1e">
         <path>./ti/graphics/</path>
         <kind>object</kind>
         <file>context.obj</file>
         <name>context.obj</name>
      </input_file>
      <input_file id="fl-1f">
         <path>./ti/graphics/</path>
         <kind>object</kind>
         <file>display.obj</file>
         <name>display.obj</name>
      </input_file>
      <input_file id="fl-20">
         <path>./ti/graphics/</path>
         <kind>object</kind>
         <file>fontfixed6x8.obj</file>
         <name>fontfixed6x8.obj</name>
      </input_file>
      <input_file id="fl-21">
         <path>./ti/graphics/</path>
         <kind>object</kind>
         <file>image.obj</file>
         <name>image.obj</name>
      </input_file>
      <input_file id="fl-22">
         <path>./ti/graphics/</path>
         <kind>object</kind>
         <file>imageButton.obj</file>
         <name>imageButton.obj</name>
      </input_file>
      <input_file id="fl-23">
         <path>./ti/graphics/</path>
         <kind>object</kind>
         <file>line.obj</file>
         <name>line.obj</name>
      </input_file>
      <input_file id="fl-24">
         <path>./ti/graphics/</path>
         <kind>object</kind>
         <file>radioButton.obj</file>
         <name>radioButton.obj</name>
      </input_file>
      <input_file id="fl-25">
         <path>./ti/graphics/</path>
         <kind>object</kind>
         <file>rectangle.obj</file>
         <name>rectangle.obj</name>
      </input_file>
      <input_file id="fl-26">
         <path>./ti/graphics/</path>
         <kind>object</kind>
         <file>string.obj</file>
         <name>string.obj</name>
      </input_file>
      <input_file id="fl-27">
         <path>./ti/lcd/</path>
         <kind>object</kind>
         <file>st7735.obj</file>
         <name>st7735.obj</name>
      </input_file>
      <input_file id="fl-28">
         <path>./ti/lcd/</path>
         <kind>object</kind>
         <file>st7735_msp432.obj</file>
         <name>st7735_msp432.obj</name>
      </input_file>
      <input_file id="fl-29">
         <path>./ti/msp432/</path>
         <kind>object</kind>
         <file>adc14.obj</file>
         <name>adc14.obj</name>
      </input_file>
      <input_file id="fl-2a">
         <path>./ti/msp432/</path>
         <kind>object</kind>
         <file>aes256.obj</file>
         <name>aes256.obj</name>
      </input_file>
      <input_file id="fl-2b">
         <path>./ti/msp432/</path>
         <kind>object</kind>
         <file>comp_e.obj</file>
         <name>comp_e.obj</name>
      </input_file>
      <input_file id="fl-2c">
         <path>./ti/msp432/</path>
         <kind>object</kind>
         <file>cpu.obj</file>
         <name>cpu.obj</name>
      </input_file>
      <input_file id="fl-2d">
         <path>./ti/msp432/</path>
         <kind>object</kind>
         <file>crc32.obj</file>
         <name>crc32.obj</name>
      </input_file>
      <input_file id="fl-2e">
         <path>./ti/msp432/</path>
         <kind>object</kind>
         <file>cs.obj</file>
         <name>cs.obj</name>
      </input_file>
      <input_file id="fl-2f">
         <path>./ti/msp432/</path>
         <kind>object</kind>
         <file>dma.obj</file>
         <name>dma.obj</name>
      </input_file>
      <input_file id="fl-30">
         <path>./ti/msp432/</path>
         <kind>object</kind>
         <file>flash.obj</file>
         <name>flash.obj</name>
      </input_file>
      <input_file id="fl-31">
         <path>./ti/msp432/</path>
         <kind>object</kind>
         <file>fpu.obj</file>
         <name>fpu.obj</name>
      </input_file>
      <input_file id="fl-32">
         <path>./ti/msp432/</path>
         <kind>object</kind>
         <file>gpio.obj</file>
         <name>gpio.obj</name>
      </input_file>
      <input_file id="fl-33">
         <path>./ti/msp432/</path>
         <kind>object</kind>
         <file>i2c.obj</file>
         <name>i2c.obj</name>
      </input_file>
      <input_file id="fl-34">
         <path>./ti/msp432/</path>
         <kind>object</kind>
         <file>interrupt.obj</file>
         <name>interrupt.obj</name>
      </input_file>
      <input_file id="fl-35">
         <path>./ti/msp432/</path>
         <kind>object</kind>
         <file>mpu.obj</file>
         <name>mpu.obj</name>
      </input_file>
      <input_file id="fl-36">
         <path>./ti/msp432/</path>
         <kind>object</kind>
         <file>pcm.obj</file>
         <name>pcm.obj</name>
      </input_file>
      <input_file id="fl-37">
         <path>./ti/msp432/</path>
         <kind>object</kind>
         <file>pmap.obj</file>
         <name>pmap.obj</name>
      </input_file>
      <input_file id="fl-38">
         <path>./ti/msp432/</path>
         <kind>object</kind>
         <file>pss.obj</file>
         <name>pss.obj</name>
      </input_file>
      <input_file id="fl-39">
         <path>./ti/msp432/</path>
         <kind>object</kind>
         <file>ref_a.obj</file>
         <name>ref_a.obj</name>
      </input_file>
      <input_file id="fl-3a">
         <path>./ti/msp432/</path>
         <kind>object</kind>
         <file>reset.obj</file>
         <name>reset.obj</name>
      </input_file>
      <input_file id="fl-3b">
         <path>./ti/msp432/</path>
         <kind>object</kind>
         <file>rtc_c.obj</file>
         <name>rtc_c.obj</name>
      </input_file>
      <input_file id="fl-3c">
         <path>./ti/msp432/</path>
         <kind>object</kind>
         <file>spi.obj</file>
         <name>spi.obj</name>
      </input_file>
      <input_file id="fl-3d">
         <path>./ti/msp432/</path>
         <kind>object</kind>
         <file>sysctl.obj</file>
         <name>sysctl.obj</name>
      </input_file>
      <input_file id="fl-3e">
         <path>./ti/msp432/</path>
         <kind>object</kind>
         <file>systick.obj</file>
         <name>systick.obj</name>
      </input_file>
      <input_file id="fl-3f">
         <path>./ti/msp432/</path>
         <kind>object</kind>
         <file>timer32.obj</file>
         <name>timer32.obj</name>
      </input_file>
      <input_file id="fl-40">
         <path>./ti/msp432/</path>
         <kind>object</kind>
         <file>timer_a.obj</file>
         <name>timer_a.obj</name>
      </input_file>
      <input_file id="fl-41">
         <path>./ti/msp432/</path>
         <kind>object</kind>
         <file>uart.obj</file>
         <name>uart.obj</name>
      </input_file>
      <input_file id="fl-42">
         <path>./ti/msp432/</path>
         <kind>object</kind>
         <file>wdt_a.obj</file>
         <name>wdt_a.obj</name>
      </input_file>
      <input_file id="fl-43">
         <path>./ti/sensors/</path>
         <kind>object</kind>
         <file>bme280.obj</file>
         <name>bme280.obj</name>
      </input_file>
      <input_file id="fl-44">
         <path>./ti/sensors/</path>
         <kind>object</kind>
         <file>bme280_support.obj</file>
         <name>bme280_support.obj</name>
      </input_file>
      <input_file id="fl-45">
         <path>./ti/sensors/</path>
         <kind>object</kind>
         <file>bmi160.obj</file>
         <name>bmi160.obj</name>
      </input_file>
      <input_file id="fl-46">
         <path>./ti/sensors/</path>
         <kind>object</kind>
         <file>bmi160_support.obj</file>
         <name>bmi160_support.obj</name>
      </input_file>
      <input_file id="fl-47">
         <path>./ti/sensors/</path>
         <kind>object</kind>
         <file>bmx_utils.obj</file>
         <name>bmx_utils.obj</name>
      </input_file>
      <input_file id="fl-48">
         <path>./ti/sensors/</path>
         <kind>object</kind>
         <file>i2c_driver.obj</file>
         <name>i2c_driver.obj</name>
      </input_file>
      <input_file id="fl-49">
         <path>./ti/sensors/</path>
         <kind>object</kind>
         <file>opt3001.obj</file>
         <name>opt3001.obj</name>
      </input_file>
      <input_file id="fl-4a">
         <path>./ti/sensors/</path>
         <kind>object</kind>
         <file>tmp006.obj</file>
         <name>tmp006.obj</name>
      </input_file>
      <input_file id="fl-4b">
         <path>./ti/sensors/</path>
         <kind>object</kind>
         <file>tmp007.obj</file>
         <name>tmp007.obj</name>
      </input_file>
      <input_file id="fl-4c">
         <path>./uoc/ti_cc3100_boosterpack/</path>
         <kind>object</kind>
         <file>cc3100_boosterpack.obj</file>
         <name>cc3100_boosterpack.obj</name>
      </input_file>
      <input_file id="fl-4d">
         <path>./uoc/ti_cc3100_boosterpack/</path>
         <kind>object</kind>
         <file>cc3100_boosterpack_sntp.obj</file>
         <name>cc3100_boosterpack_sntp.obj</name>
      </input_file>
      <input_file id="fl-4e">
         <path>./uoc/ti_edu_boosterpack/</path>
         <kind>object</kind>
         <file>edu_boosterpack_buzzer.obj</file>
         <name>edu_boosterpack_buzzer.obj</name>
      </input_file>
      <input_file id="fl-4f">
         <path>./uoc/ti_edu_boosterpack/</path>
         <kind>object</kind>
         <file>edu_boosterpack_microphone.obj</file>
         <name>edu_boosterpack_microphone.obj</name>
      </input_file>
      <input_file id="fl-50">
         <path>./uoc/ti_edu_boosterpack/</path>
         <kind>object</kind>
         <file>edu_boosterpack_rgb.obj</file>
         <name>edu_boosterpack_rgb.obj</name>
      </input_file>
      <input_file id="fl-51">
         <path>./uoc/ti_edu_boosterpack/</path>
         <kind>object</kind>
         <file>edu_boosterpack_sensors.obj</file>
         <name>edu_boosterpack_sensors.obj</name>
      </input_file>
      <input_file id="fl-52">
         <path>./uoc/ti_msp432_launchpad/</path>
         <kind>object</kind>
         <file>msp432_launchpad_board.obj</file>
         <name>msp432_launchpad_board.obj</name>
      </input_file>
      <input_file id="fl-53">
         <path>./uoc/ti_msp432_launchpad/</path>
         <kind>object</kind>
         <file>msp432_launchpad_temperature.obj</file>
         <name>msp432_launchpad_temperature.obj</name>
      </input_file>
      <input_file id="fl-57">
         <kind>object</kind>
         <file>&lt;internal&gt;</file>
         <name>&lt;internal&gt;</name>
      </input_file>
      <input_file id="fl-10d">
         <path>/home/marius/ti/ccsv7/tools/compiler/ti-cgt-arm_16.9.3.LTS/lib/</path>
         <kind>archive</kind>
         <file>rtsv7M4_T_le_v4SPD16_eabi.lib</file>
         <name>boot.obj</name>
      </input_file>
      <input_file id="fl-10e">
         <path>/home/marius/ti/ccsv7/tools/compiler/ti-cgt-arm_16.9.3.LTS/lib/</path>
         <kind>archive</kind>
         <file>rtsv7M4_T_le_v4SPD16_eabi.lib</file>
         <name>copy_decompress_lzss.obj</name>
      </input_file>
      <input_file id="fl-10f">
         <path>/home/marius/ti/ccsv7/tools/compiler/ti-cgt-arm_16.9.3.LTS/lib/</path>
         <kind>archive</kind>
         <file>rtsv7M4_T_le_v4SPD16_eabi.lib</file>
         <name>copy_decompress_none.obj</name>
      </input_file>
      <input_file id="fl-110">
         <path>/home/marius/ti/ccsv7/tools/compiler/ti-cgt-arm_16.9.3.LTS/lib/</path>
         <kind>archive</kind>
         <file>rtsv7M4_T_le_v4SPD16_eabi.lib</file>
         <name>copy_zero_init.obj</name>
      </input_file>
      <input_file id="fl-111">
         <path>/home/marius/ti/ccsv7/tools/compiler/ti-cgt-arm_16.9.3.LTS/lib/</path>
         <kind>archive</kind>
         <file>rtsv7M4_T_le_v4SPD16_eabi.lib</file>
         <name>e_pow.obj</name>
      </input_file>
      <input_file id="fl-112">
         <path>/home/marius/ti/ccsv7/tools/compiler/ti-cgt-arm_16.9.3.LTS/lib/</path>
         <kind>archive</kind>
         <file>rtsv7M4_T_le_v4SPD16_eabi.lib</file>
         <name>e_sqrt.obj</name>
      </input_file>
      <input_file id="fl-113">
         <path>/home/marius/ti/ccsv7/tools/compiler/ti-cgt-arm_16.9.3.LTS/lib/</path>
         <kind>archive</kind>
         <file>rtsv7M4_T_le_v4SPD16_eabi.lib</file>
         <name>errno.obj</name>
      </input_file>
      <input_file id="fl-114">
         <path>/home/marius/ti/ccsv7/tools/compiler/ti-cgt-arm_16.9.3.LTS/lib/</path>
         <kind>archive</kind>
         <file>rtsv7M4_T_le_v4SPD16_eabi.lib</file>
         <name>exit.obj</name>
      </input_file>
      <input_file id="fl-115">
         <path>/home/marius/ti/ccsv7/tools/compiler/ti-cgt-arm_16.9.3.LTS/lib/</path>
         <kind>archive</kind>
         <file>rtsv7M4_T_le_v4SPD16_eabi.lib</file>
         <name>fd_add_t2.obj</name>
      </input_file>
      <input_file id="fl-116">
         <path>/home/marius/ti/ccsv7/tools/compiler/ti-cgt-arm_16.9.3.LTS/lib/</path>
         <kind>archive</kind>
         <file>rtsv7M4_T_le_v4SPD16_eabi.lib</file>
         <name>fd_cmp_t2.obj</name>
      </input_file>
      <input_file id="fl-117">
         <path>/home/marius/ti/ccsv7/tools/compiler/ti-cgt-arm_16.9.3.LTS/lib/</path>
         <kind>archive</kind>
         <file>rtsv7M4_T_le_v4SPD16_eabi.lib</file>
         <name>fd_div_t2.obj</name>
      </input_file>
      <input_file id="fl-118">
         <path>/home/marius/ti/ccsv7/tools/compiler/ti-cgt-arm_16.9.3.LTS/lib/</path>
         <kind>archive</kind>
         <file>rtsv7M4_T_le_v4SPD16_eabi.lib</file>
         <name>fd_mul_t2.obj</name>
      </input_file>
      <input_file id="fl-119">
         <path>/home/marius/ti/ccsv7/tools/compiler/ti-cgt-arm_16.9.3.LTS/lib/</path>
         <kind>archive</kind>
         <file>rtsv7M4_T_le_v4SPD16_eabi.lib</file>
         <name>fd_toi_t2.obj</name>
      </input_file>
      <input_file id="fl-11a">
         <path>/home/marius/ti/ccsv7/tools/compiler/ti-cgt-arm_16.9.3.LTS/lib/</path>
         <kind>archive</kind>
         <file>rtsv7M4_T_le_v4SPD16_eabi.lib</file>
         <name>fd_tos_t2.obj</name>
      </input_file>
      <input_file id="fl-11b">
         <path>/home/marius/ti/ccsv7/tools/compiler/ti-cgt-arm_16.9.3.LTS/lib/</path>
         <kind>archive</kind>
         <file>rtsv7M4_T_le_v4SPD16_eabi.lib</file>
         <name>i_tofd_t2.obj</name>
      </input_file>
      <input_file id="fl-11c">
         <path>/home/marius/ti/ccsv7/tools/compiler/ti-cgt-arm_16.9.3.LTS/lib/</path>
         <kind>archive</kind>
         <file>rtsv7M4_T_le_v4SPD16_eabi.lib</file>
         <name>ll_div_t2.obj</name>
      </input_file>
      <input_file id="fl-11d">
         <path>/home/marius/ti/ccsv7/tools/compiler/ti-cgt-arm_16.9.3.LTS/lib/</path>
         <kind>archive</kind>
         <file>rtsv7M4_T_le_v4SPD16_eabi.lib</file>
         <name>ll_mul_t2.obj</name>
      </input_file>
      <input_file id="fl-11e">
         <path>/home/marius/ti/ccsv7/tools/compiler/ti-cgt-arm_16.9.3.LTS/lib/</path>
         <kind>archive</kind>
         <file>rtsv7M4_T_le_v4SPD16_eabi.lib</file>
         <name>memcpy_t2.obj</name>
      </input_file>
      <input_file id="fl-11f">
         <path>/home/marius/ti/ccsv7/tools/compiler/ti-cgt-arm_16.9.3.LTS/lib/</path>
         <kind>archive</kind>
         <file>rtsv7M4_T_le_v4SPD16_eabi.lib</file>
         <name>memset_t2.obj</name>
      </input_file>
      <input_file id="fl-120">
         <path>/home/marius/ti/ccsv7/tools/compiler/ti-cgt-arm_16.9.3.LTS/lib/</path>
         <kind>archive</kind>
         <file>rtsv7M4_T_le_v4SPD16_eabi.lib</file>
         <name>mpu_init.obj</name>
      </input_file>
      <input_file id="fl-121">
         <path>/home/marius/ti/ccsv7/tools/compiler/ti-cgt-arm_16.9.3.LTS/lib/</path>
         <kind>archive</kind>
         <file>rtsv7M4_T_le_v4SPD16_eabi.lib</file>
         <name>pre_init.obj</name>
      </input_file>
      <input_file id="fl-122">
         <path>/home/marius/ti/ccsv7/tools/compiler/ti-cgt-arm_16.9.3.LTS/lib/</path>
         <kind>archive</kind>
         <file>rtsv7M4_T_le_v4SPD16_eabi.lib</file>
         <name>s_exp2.obj</name>
      </input_file>
      <input_file id="fl-123">
         <path>/home/marius/ti/ccsv7/tools/compiler/ti-cgt-arm_16.9.3.LTS/lib/</path>
         <kind>archive</kind>
         <file>rtsv7M4_T_le_v4SPD16_eabi.lib</file>
         <name>s_scalbn.obj</name>
      </input_file>
      <input_file id="fl-124">
         <path>/home/marius/ti/ccsv7/tools/compiler/ti-cgt-arm_16.9.3.LTS/lib/</path>
         <kind>archive</kind>
         <file>rtsv7M4_T_le_v4SPD16_eabi.lib</file>
         <name>stkdepth_vars.obj</name>
      </input_file>
      <input_file id="fl-125">
         <path>/home/marius/ti/ccsv7/tools/compiler/ti-cgt-arm_16.9.3.LTS/lib/</path>
         <kind>archive</kind>
         <file>rtsv7M4_T_le_v4SPD16_eabi.lib</file>
         <name>strlen.obj</name>
      </input_file>
      <input_file id="fl-126">
         <path>/home/marius/ti/ccsv7/tools/compiler/ti-cgt-arm_16.9.3.LTS/lib/</path>
         <kind>archive</kind>
         <file>rtsv7M4_T_le_v4SPD16_eabi.lib</file>
         <name>u_tofd_t2.obj</name>
      </input_file>
      <input_file id="fl-127">
         <path>/home/marius/ti/ccsv7/tools/compiler/ti-cgt-arm_16.9.3.LTS/lib/</path>
         <kind>archive</kind>
         <file>rtsv7M4_T_le_v4SPD16_eabi.lib</file>
         <name>_lock.obj</name>
      </input_file>
      <input_file id="fl-128">
         <path>/home/marius/ti/ccsv7/tools/compiler/ti-cgt-arm_16.9.3.LTS/lib/</path>
         <kind>archive</kind>
         <file>rtsv7M4_T_le_v4SPD16_eabi.lib</file>
         <name>args_main.obj</name>
      </input_file>
      <input_file id="fl-129">
         <path>/home/marius/ti/ccsv7/tools/compiler/ti-cgt-arm_16.9.3.LTS/lib/</path>
         <kind>archive</kind>
         <file>rtsv7M4_T_le_v4SPD16_eabi.lib</file>
         <name>autoinit.obj</name>
      </input_file>
      <input_file id="fl-12a">
         <path>/home/marius/ti/ccsv7/tools/compiler/ti-cgt-arm_16.9.3.LTS/lib/</path>
         <kind>archive</kind>
         <file>rtsv7M4_T_le_v4SPD16_eabi.lib</file>
         <name>cpy_tbl.obj</name>
      </input_file>
      <input_file id="fl-12b">
         <path>/home/marius/ti/ccsv7/tools/compiler/ti-cgt-arm_16.9.3.LTS/lib/</path>
         <kind>archive</kind>
         <file>rtsv7M4_T_le_v4SPD16_eabi.lib</file>
         <name>l_div0.obj</name>
      </input_file>
      <input_file id="fl-12c">
         <path>/home/marius/ti/ccsv7/tools/compiler/ti-cgt-arm_16.9.3.LTS/lib/</path>
         <kind>archive</kind>
         <file>rtsv7M4_T_le_v4SPD16_eabi.lib</file>
         <name>s_copysign.obj</name>
      </input_file>
      <input_file id="fl-12d">
         <path>/home/marius/ti/ccsv7/tools/compiler/ti-cgt-arm_16.9.3.LTS/lib/</path>
         <kind>archive</kind>
         <file>rtsv7M4_T_le_v4SPD16_eabi.lib</file>
         <name>startup.obj</name>
      </input_file>
   </input_file_list>
   <object_component_list>
      <object_component id="oc-10">
         <name>.intvecs:retain</name>
         <load_address>0x0</load_address>
         <run_address>0x0</run_address>
         <size>0x144</size>
         <input_file_ref idref="fl-3"/>
      </object_component>
      <object_component id="oc-aa">
         <name>.text</name>
         <load_address>0x144</load_address>
         <run_address>0x144</run_address>
         <size>0x1a10</size>
         <input_file_ref idref="fl-c"/>
      </object_component>
      <object_component id="oc-b1">
         <name>.text</name>
         <load_address>0x1b54</load_address>
         <run_address>0x1b54</run_address>
         <size>0xd7c</size>
         <input_file_ref idref="fl-2e"/>
      </object_component>
      <object_component id="oc-1ed">
         <name>.text</name>
         <load_address>0x28d0</load_address>
         <run_address>0x28d0</run_address>
         <size>0xca4</size>
         <input_file_ref idref="fl-b"/>
      </object_component>
      <object_component id="oc-d4">
         <name>.text</name>
         <load_address>0x3574</load_address>
         <run_address>0x3574</run_address>
         <size>0x7a8</size>
         <input_file_ref idref="fl-33"/>
      </object_component>
      <object_component id="oc-43">
         <name>.text</name>
         <load_address>0x3d1c</load_address>
         <run_address>0x3d1c</run_address>
         <size>0x5b8</size>
         <input_file_ref idref="fl-48"/>
      </object_component>
      <object_component id="oc-17a">
         <name>.text</name>
         <load_address>0x42d4</load_address>
         <run_address>0x42d4</run_address>
         <size>0x3f0</size>
         <input_file_ref idref="fl-34"/>
      </object_component>
      <object_component id="oc-1e7">
         <name>.text</name>
         <load_address>0x46c4</load_address>
         <run_address>0x46c4</run_address>
         <size>0x3c8</size>
         <input_file_ref idref="fl-52"/>
      </object_component>
      <object_component id="oc-9d">
         <name>.text</name>
         <load_address>0x4a8c</load_address>
         <run_address>0x4a8c</run_address>
         <size>0x328</size>
         <input_file_ref idref="fl-4"/>
      </object_component>
      <object_component id="oc-49">
         <name>.text</name>
         <load_address>0x4db4</load_address>
         <run_address>0x4db4</run_address>
         <size>0x28c</size>
         <input_file_ref idref="fl-4f"/>
      </object_component>
      <object_component id="oc-37">
         <name>.text</name>
         <load_address>0x5040</load_address>
         <run_address>0x5040</run_address>
         <size>0x288</size>
         <input_file_ref idref="fl-5"/>
      </object_component>
      <object_component id="oc-174">
         <name>.text</name>
         <load_address>0x52c8</load_address>
         <run_address>0x52c8</run_address>
         <size>0x244</size>
         <input_file_ref idref="fl-3d"/>
      </object_component>
      <object_component id="oc-4f">
         <name>.text</name>
         <load_address>0x550c</load_address>
         <run_address>0x550c</run_address>
         <size>0x1cc</size>
         <input_file_ref idref="fl-e"/>
      </object_component>
      <object_component id="oc-14f">
         <name>.text</name>
         <load_address>0x56d8</load_address>
         <run_address>0x56d8</run_address>
         <size>0x1cc</size>
         <input_file_ref idref="fl-9"/>
      </object_component>
      <object_component id="oc-155">
         <name>.text</name>
         <load_address>0x58a4</load_address>
         <run_address>0x58a4</run_address>
         <size>0x12a</size>
         <input_file_ref idref="fl-a"/>
      </object_component>
      <object_component id="oc-7b">
         <name>.text</name>
         <load_address>0x59ce</load_address>
         <run_address>0x59ce</run_address>
         <size>0x2</size>
         <input_file_ref idref="fl-120"/>
      </object_component>
      <object_component id="oc-12e">
         <name>.text</name>
         <load_address>0x59d0</load_address>
         <run_address>0x59d0</run_address>
         <size>0xe0</size>
         <input_file_ref idref="fl-2"/>
      </object_component>
      <object_component id="oc-32">
         <name>.text</name>
         <load_address>0x5ab0</load_address>
         <run_address>0x5ab0</run_address>
         <size>0xd2</size>
         <input_file_ref idref="fl-6"/>
      </object_component>
      <object_component id="oc-63">
         <name>.text</name>
         <load_address>0x5b82</load_address>
         <run_address>0x5b82</run_address>
         <size>0x9c</size>
         <input_file_ref idref="fl-11e"/>
      </object_component>
      <object_component id="oc-6f">
         <name>.text</name>
         <load_address>0x5c1e</load_address>
         <run_address>0x5c1e</run_address>
         <size>0x7a</size>
         <input_file_ref idref="fl-11f"/>
      </object_component>
      <object_component id="oc-87">
         <name>.text</name>
         <load_address>0x5c98</load_address>
         <run_address>0x5c98</run_address>
         <size>0x70</size>
         <input_file_ref idref="fl-129"/>
      </object_component>
      <object_component id="oc-13">
         <name>.text:decompress:lzss</name>
         <load_address>0x5d08</load_address>
         <run_address>0x5d08</run_address>
         <size>0x68</size>
         <input_file_ref idref="fl-10e"/>
      </object_component>
      <object_component id="oc-25">
         <name>.text</name>
         <load_address>0x5d70</load_address>
         <run_address>0x5d70</run_address>
         <size>0x54</size>
         <input_file_ref idref="fl-10d"/>
      </object_component>
      <object_component id="oc-93">
         <name>.text</name>
         <load_address>0x5dc4</load_address>
         <run_address>0x5dc4</run_address>
         <size>0x54</size>
         <input_file_ref idref="fl-114"/>
      </object_component>
      <object_component id="oc-120">
         <name>.text</name>
         <load_address>0x5e18</load_address>
         <run_address>0x5e18</run_address>
         <size>0x4c</size>
         <input_file_ref idref="fl-12a"/>
      </object_component>
      <object_component id="oc-3d">
         <name>.text</name>
         <load_address>0x5e64</load_address>
         <run_address>0x5e64</run_address>
         <size>0x40</size>
         <input_file_ref idref="fl-f"/>
      </object_component>
      <object_component id="oc-243">
         <name>.text</name>
         <load_address>0x5ea4</load_address>
         <run_address>0x5ea4</run_address>
         <size>0x3e</size>
         <input_file_ref idref="fl-2c"/>
      </object_component>
      <object_component id="oc-126">
         <name>.text</name>
         <load_address>0x5ee2</load_address>
         <run_address>0x5ee2</run_address>
         <size>0x2</size>
         <input_file_ref idref="fl-12d"/>
      </object_component>
      <object_component id="oc-2c">
         <name>.text</name>
         <load_address>0x5ee4</load_address>
         <run_address>0x5ee4</run_address>
         <size>0x20</size>
         <input_file_ref idref="fl-3"/>
      </object_component>
      <object_component id="oc-8d">
         <name>.text</name>
         <load_address>0x5f04</load_address>
         <run_address>0x5f04</run_address>
         <size>0x18</size>
         <input_file_ref idref="fl-128"/>
      </object_component>
      <object_component id="oc-1ff">
         <name>.text</name>
         <load_address>0x5f1c</load_address>
         <run_address>0x5f1c</run_address>
         <size>0x14</size>
         <input_file_ref idref="fl-127"/>
      </object_component>
      <object_component id="oc-19">
         <name>.text:decompress:none</name>
         <load_address>0x5f30</load_address>
         <run_address>0x5f30</run_address>
         <size>0xe</size>
         <input_file_ref idref="fl-10f"/>
      </object_component>
      <object_component id="oc-1f">
         <name>.text:decompress:ZI</name>
         <load_address>0x5f3e</load_address>
         <run_address>0x5f3e</run_address>
         <size>0xc</size>
         <input_file_ref idref="fl-110"/>
      </object_component>
      <object_component id="oc-81">
         <name>.text</name>
         <load_address>0x5f4a</load_address>
         <run_address>0x5f4a</run_address>
         <size>0x4</size>
         <input_file_ref idref="fl-121"/>
      </object_component>
      <object_component id="oc-24f">
         <name>.const:g_pulRegs</name>
         <load_address>0x5f50</load_address>
         <run_address>0x5f50</run_address>
         <size>0x50</size>
         <input_file_ref idref="fl-34"/>
      </object_component>
      <object_component id="oc-24c">
         <name>.const:g_pulPriority</name>
         <load_address>0x5fa0</load_address>
         <run_address>0x5fa0</run_address>
         <size>0x20</size>
         <input_file_ref idref="fl-34"/>
      </object_component>
      <object_component id="oc-255">
         <name>.const:g_pulDisRegs</name>
         <load_address>0x5fc0</load_address>
         <run_address>0x5fc0</run_address>
         <size>0x8</size>
         <input_file_ref idref="fl-34"/>
      </object_component>
      <object_component id="oc-252">
         <name>.const:g_pulEnRegs</name>
         <load_address>0x5fc8</load_address>
         <run_address>0x5fc8</run_address>
         <size>0x8</size>
         <input_file_ref idref="fl-34"/>
      </object_component>
      <object_component id="oc-258">
         <name>.const:g_pulPendRegs</name>
         <load_address>0x5fd0</load_address>
         <run_address>0x5fd0</run_address>
         <size>0x8</size>
         <input_file_ref idref="fl-34"/>
      </object_component>
      <object_component id="oc-25b">
         <name>.const:g_pulUnpendRegs</name>
         <load_address>0x5fd8</load_address>
         <run_address>0x5fd8</run_address>
         <size>0x8</size>
         <input_file_ref idref="fl-34"/>
      </object_component>
      <object_component id="oc-1f4">
         <name>.const</name>
         <load_address>0x5fe0</load_address>
         <run_address>0x5fe0</run_address>
         <size>0x8</size>
         <input_file_ref idref="fl-2"/>
      </object_component>
      <object_component id="oc-a7">
         <name>.const</name>
         <load_address>0x5fe8</load_address>
         <run_address>0x5fe8</run_address>
         <size>0x8</size>
         <input_file_ref idref="fl-5"/>
      </object_component>
      <object_component id="oc-221">
         <name>.const</name>
         <load_address>0x5ff0</load_address>
         <run_address>0x5ff0</run_address>
         <size>0x2</size>
         <input_file_ref idref="fl-9"/>
      </object_component>
      <object_component id="oc-2e7">
         <name>.cinit..data.load</name>
         <load_address>0x5ff8</load_address>
         <run_address>0x5ff8</run_address>
         <size>0x4e</size>
      </object_component>
      <object_component id="oc-2e4">
         <name>__TI_handler_table</name>
         <load_address>0x6048</load_address>
         <run_address>0x6048</run_address>
         <size>0xc</size>
      </object_component>
      <object_component id="oc-2e8">
         <name>.cinit..bss.load</name>
         <load_address>0x6058</load_address>
         <run_address>0x6058</run_address>
         <size>0x8</size>
      </object_component>
      <object_component id="oc-2e6">
         <name>.cinit..vtable.load</name>
         <load_address>0x6060</load_address>
         <run_address>0x6060</run_address>
         <size>0x8</size>
      </object_component>
      <object_component id="oc-2e5">
         <name>__TI_cinit_table</name>
         <load_address>0x6068</load_address>
         <run_address>0x6068</run_address>
         <size>0x18</size>
      </object_component>
      <object_component id="oc-249">
         <name>.vtable</name>
         <uninitialized>true</uninitialized>
         <run_address>0x20000000</run_address>
         <size>0xe4</size>
         <input_file_ref idref="fl-34"/>
      </object_component>
      <object_component id="oc-141">
         <name>.data</name>
         <load_address>0x20000184</load_address>
         <run_address>0x20000184</run_address>
         <size>0x4</size>
         <input_file_ref idref="fl-4"/>
      </object_component>
      <object_component id="oc-b7">
         <name>.data</name>
         <load_address>0x20000160</load_address>
         <run_address>0x20000160</run_address>
         <size>0xc</size>
         <input_file_ref idref="fl-5"/>
      </object_component>
      <object_component id="oc-21e">
         <name>.data</name>
         <load_address>0x20000174</load_address>
         <run_address>0x20000174</run_address>
         <size>0x8</size>
         <input_file_ref idref="fl-9"/>
      </object_component>
      <object_component id="oc-a4">
         <name>.data</name>
         <load_address>0x200000e4</load_address>
         <run_address>0x200000e4</run_address>
         <size>0x34</size>
         <input_file_ref idref="fl-c"/>
      </object_component>
      <object_component id="oc-f5">
         <name>.data</name>
         <load_address>0x2000017c</load_address>
         <run_address>0x2000017c</run_address>
         <size>0x4</size>
         <input_file_ref idref="fl-e"/>
      </object_component>
      <object_component id="oc-db">
         <name>.data</name>
         <load_address>0x20000188</load_address>
         <run_address>0x20000188</run_address>
         <size>0x1</size>
         <input_file_ref idref="fl-48"/>
      </object_component>
      <object_component id="oc-cd">
         <name>.data:i2cConfig</name>
         <load_address>0x20000130</load_address>
         <run_address>0x20000130</run_address>
         <size>0x14</size>
         <input_file_ref idref="fl-48"/>
      </object_component>
      <object_component id="oc-e5">
         <name>.data:microphone</name>
         <load_address>0x20000144</load_address>
         <run_address>0x20000144</run_address>
         <size>0x10</size>
         <input_file_ref idref="fl-4f"/>
      </object_component>
      <object_component id="oc-e8">
         <name>.data:pwmConfig</name>
         <load_address>0x20000118</load_address>
         <run_address>0x20000118</run_address>
         <size>0x18</size>
         <input_file_ref idref="fl-4f"/>
      </object_component>
      <object_component id="oc-136">
         <name>.data:$O1$$</name>
         <load_address>0x20000154</load_address>
         <run_address>0x20000154</run_address>
         <size>0xc</size>
         <input_file_ref idref="fl-114"/>
      </object_component>
      <object_component id="oc-99">
         <name>.data</name>
         <load_address>0x20000180</load_address>
         <run_address>0x20000180</run_address>
         <size>0x4</size>
         <input_file_ref idref="fl-124"/>
      </object_component>
      <object_component id="oc-139">
         <name>.data:$O1$$</name>
         <load_address>0x2000016c</load_address>
         <run_address>0x2000016c</run_address>
         <size>0x8</size>
         <input_file_ref idref="fl-127"/>
      </object_component>
      <object_component id="oc-22a">
         <name>.bss:ucHeap</name>
         <uninitialized>true</uninitialized>
         <run_address>0x20000400</run_address>
         <size>0xc800</size>
         <input_file_ref idref="fl-9"/>
      </object_component>
      <object_component id="oc-224">
         <name>.bss:xStart</name>
         <uninitialized>true</uninitialized>
         <run_address>0x2000d6e0</run_address>
         <size>0x8</size>
         <input_file_ref idref="fl-9"/>
      </object_component>
      <object_component id="oc-227">
         <name>.bss:xEnd</name>
         <uninitialized>true</uninitialized>
         <run_address>0x2000d6d8</run_address>
         <size>0x8</size>
         <input_file_ref idref="fl-9"/>
      </object_component>
      <object_component id="oc-15b">
         <name>.bss:pxReadyTasksLists</name>
         <uninitialized>true</uninitialized>
         <run_address>0x2000d600</run_address>
         <size>0x64</size>
         <input_file_ref idref="fl-c"/>
      </object_component>
      <object_component id="oc-16a">
         <name>.bss:xDelayedTaskList1</name>
         <uninitialized>true</uninitialized>
         <run_address>0x2000d664</run_address>
         <size>0x14</size>
         <input_file_ref idref="fl-c"/>
      </object_component>
      <object_component id="oc-16d">
         <name>.bss:xDelayedTaskList2</name>
         <uninitialized>true</uninitialized>
         <run_address>0x2000d678</run_address>
         <size>0x14</size>
         <input_file_ref idref="fl-c"/>
      </object_component>
      <object_component id="oc-161">
         <name>.bss</name>
         <uninitialized>true</uninitialized>
         <run_address>0x2000d6d0</run_address>
         <size>0x8</size>
         <input_file_ref idref="fl-c"/>
      </object_component>
      <object_component id="oc-167">
         <name>.bss:xPendingReadyList</name>
         <uninitialized>true</uninitialized>
         <run_address>0x2000d68c</run_address>
         <size>0x14</size>
         <input_file_ref idref="fl-c"/>
      </object_component>
      <object_component id="oc-15e">
         <name>.bss:xTasksWaitingTermination</name>
         <uninitialized>true</uninitialized>
         <run_address>0x2000d6b4</run_address>
         <size>0x14</size>
         <input_file_ref idref="fl-c"/>
      </object_component>
      <object_component id="oc-164">
         <name>.bss:xSuspendedTaskList</name>
         <uninitialized>true</uninitialized>
         <run_address>0x2000d6a0</run_address>
         <size>0x14</size>
         <input_file_ref idref="fl-c"/>
      </object_component>
      <object_component id="oc-171">
         <name>.bss</name>
         <uninitialized>true</uninitialized>
         <run_address>0x2000d6c8</run_address>
         <size>0x8</size>
         <input_file_ref idref="fl-2e"/>
      </object_component>
      <object_component id="oc-1a6">
         <name>.bss:buffer_1</name>
         <uninitialized>true</uninitialized>
         <run_address>0x2000cc00</run_address>
         <size>0x400</size>
         <input_file_ref idref="fl-4f"/>
      </object_component>
      <object_component id="oc-1a9">
         <name>.bss:buffer_2</name>
         <uninitialized>true</uninitialized>
         <run_address>0x2000d000</run_address>
         <size>0x400</size>
         <input_file_ref idref="fl-4f"/>
      </object_component>
      <object_component id="oc-1f3">
         <name>.common:button_semphr</name>
         <uninitialized>true</uninitialized>
         <run_address>0x2000d6e8</run_address>
         <size>0x4</size>
      </object_component>
      <object_component id="oc-f8">
         <name>.common:IntIsMasked</name>
         <uninitialized>true</uninitialized>
         <run_address>0x2000d6f4</run_address>
         <size>0x1</size>
      </object_component>
      <object_component id="oc-eb">
         <name>.common:MSP_EXP432P401RLP_DMAControlTable1</name>
         <uninitialized>true</uninitialized>
         <run_address>0x2000d400</run_address>
         <size>0x200</size>
      </object_component>
      <object_component id="oc-d3">
         <name>.common:ui8Status</name>
         <uninitialized>true</uninitialized>
         <run_address>0x2000d6f6</run_address>
         <size>0x1</size>
      </object_component>
      <object_component id="oc-d0">
         <name>.common:pData</name>
         <uninitialized>true</uninitialized>
         <run_address>0x2000d6f0</run_address>
         <size>0x4</size>
      </object_component>
      <object_component id="oc-de">
         <name>.common:ui8DummyRead</name>
         <uninitialized>true</uninitialized>
         <run_address>0x2000d6f5</run_address>
         <size>0x1</size>
      </object_component>
      <object_component id="oc-da">
         <name>.common:g_ui32ByteCount</name>
         <uninitialized>true</uninitialized>
         <run_address>0x2000d6ec</run_address>
         <size>0x4</size>
      </object_component>
      <object_component id="oc-2b">
         <name>.stack</name>
         <uninitialized>true</uninitialized>
         <run_address>0x2000fe00</run_address>
         <size>0x0</size>
         <input_file_ref idref="fl-10d"/>
      </object_component>
      <object_component id="oc-2e9">
         <name>.stack</name>
         <uninitialized>true</uninitialized>
         <run_address>0x2000fe00</run_address>
         <size>0x0</size>
      </object_component>
      <object_component id="oc-190">
         <name>.debug_info</name>
         <load_address>0x0</load_address>
         <run_address>0x0</run_address>
         <size>0x7da</size>
         <input_file_ref idref="fl-2"/>
      </object_component>
      <object_component id="oc-12f">
         <name>.debug_info</name>
         <load_address>0x7da</load_address>
         <run_address>0x7da</run_address>
         <size>0x309</size>
         <input_file_ref idref="fl-2"/>
      </object_component>
      <object_component id="oc-148">
         <name>.debug_info</name>
         <load_address>0xae3</load_address>
         <run_address>0xae3</run_address>
         <size>0x30c</size>
         <input_file_ref idref="fl-2"/>
      </object_component>
      <object_component id="oc-103">
         <name>.debug_info</name>
         <load_address>0xdef</load_address>
         <run_address>0xdef</run_address>
         <size>0x103e</size>
         <input_file_ref idref="fl-2"/>
      </object_component>
      <object_component id="oc-19d">
         <name>.debug_info</name>
         <load_address>0x1e2d</load_address>
         <run_address>0x1e2d</run_address>
         <size>0x9a</size>
         <input_file_ref idref="fl-2"/>
      </object_component>
      <object_component id="oc-262">
         <name>.debug_info</name>
         <load_address>0x1ec7</load_address>
         <run_address>0x1ec7</run_address>
         <size>0x1b5</size>
         <input_file_ref idref="fl-2"/>
      </object_component>
      <object_component id="oc-18b">
         <name>.debug_info</name>
         <load_address>0x207c</load_address>
         <run_address>0x207c</run_address>
         <size>0x3cd</size>
         <input_file_ref idref="fl-2"/>
      </object_component>
      <object_component id="oc-1c1">
         <name>.debug_info</name>
         <load_address>0x2449</load_address>
         <run_address>0x2449</run_address>
         <size>0x8a</size>
         <input_file_ref idref="fl-2"/>
      </object_component>
      <object_component id="oc-1b5">
         <name>.debug_info</name>
         <load_address>0x24d3</load_address>
         <run_address>0x24d3</run_address>
         <size>0x341</size>
         <input_file_ref idref="fl-2"/>
      </object_component>
      <object_component id="oc-5e">
         <name>.debug_info</name>
         <load_address>0x2814</load_address>
         <run_address>0x2814</run_address>
         <size>0x84</size>
         <input_file_ref idref="fl-2"/>
      </object_component>
      <object_component id="oc-26e">
         <name>.debug_info</name>
         <load_address>0x2898</load_address>
         <run_address>0x2898</run_address>
         <size>0x46</size>
         <input_file_ref idref="fl-2"/>
      </object_component>
      <object_component id="oc-269">
         <name>.debug_info</name>
         <load_address>0x28de</load_address>
         <run_address>0x28de</run_address>
         <size>0x2c</size>
         <input_file_ref idref="fl-2"/>
      </object_component>
      <object_component id="oc-bc">
         <name>.debug_info</name>
         <load_address>0x290a</load_address>
         <run_address>0x290a</run_address>
         <size>0x2c</size>
         <input_file_ref idref="fl-2"/>
      </object_component>
      <object_component id="oc-c6">
         <name>.debug_info</name>
         <load_address>0x2936</load_address>
         <run_address>0x2936</run_address>
         <size>0x18b</size>
         <input_file_ref idref="fl-2"/>
      </object_component>
      <object_component id="oc-c1">
         <name>.debug_info</name>
         <load_address>0x2ac1</load_address>
         <run_address>0x2ac1</run_address>
         <size>0x53</size>
         <input_file_ref idref="fl-2"/>
      </object_component>
      <object_component id="oc-1cb">
         <name>.debug_info</name>
         <load_address>0x2b14</load_address>
         <run_address>0x2b14</run_address>
         <size>0x131</size>
         <input_file_ref idref="fl-2"/>
      </object_component>
      <object_component id="oc-186">
         <name>.debug_info</name>
         <load_address>0x2c45</load_address>
         <run_address>0x2c45</run_address>
         <size>0x14c</size>
         <input_file_ref idref="fl-2"/>
      </object_component>
      <object_component id="oc-57">
         <name>.debug_info</name>
         <load_address>0x2d91</load_address>
         <run_address>0x2d91</run_address>
         <size>0x694</size>
         <input_file_ref idref="fl-3"/>
      </object_component>
      <object_component id="oc-11">
         <name>.debug_info</name>
         <load_address>0x3425</load_address>
         <run_address>0x3425</run_address>
         <size>0xf6</size>
         <input_file_ref idref="fl-3"/>
      </object_component>
      <object_component id="oc-2d">
         <name>.debug_info</name>
         <load_address>0x351b</load_address>
         <run_address>0x351b</run_address>
         <size>0x236</size>
         <input_file_ref idref="fl-3"/>
      </object_component>
      <object_component id="oc-142">
         <name>.debug_info</name>
         <load_address>0x3751</load_address>
         <run_address>0x3751</run_address>
         <size>0xf4</size>
         <input_file_ref idref="fl-4"/>
      </object_component>
      <object_component id="oc-9e">
         <name>.debug_info</name>
         <load_address>0x3845</load_address>
         <run_address>0x3845</run_address>
         <size>0x266</size>
         <input_file_ref idref="fl-4"/>
      </object_component>
      <object_component id="oc-bb">
         <name>.debug_info</name>
         <load_address>0x3aab</load_address>
         <run_address>0x3aab</run_address>
         <size>0x73b</size>
         <input_file_ref idref="fl-5"/>
      </object_component>
      <object_component id="oc-a8">
         <name>.debug_info</name>
         <load_address>0x41e6</load_address>
         <run_address>0x41e6</run_address>
         <size>0x17e</size>
         <input_file_ref idref="fl-5"/>
      </object_component>
      <object_component id="oc-b8">
         <name>.debug_info</name>
         <load_address>0x4364</load_address>
         <run_address>0x4364</run_address>
         <size>0x189</size>
         <input_file_ref idref="fl-5"/>
      </object_component>
      <object_component id="oc-38">
         <name>.debug_info</name>
         <load_address>0x44ed</load_address>
         <run_address>0x44ed</run_address>
         <size>0xa25</size>
         <input_file_ref idref="fl-5"/>
      </object_component>
      <object_component id="oc-33">
         <name>.debug_info</name>
         <load_address>0x4f12</load_address>
         <run_address>0x4f12</run_address>
         <size>0x26e</size>
         <input_file_ref idref="fl-6"/>
      </object_component>
      <object_component id="oc-28b">
         <name>.debug_info</name>
         <load_address>0x5180</load_address>
         <run_address>0x5180</run_address>
         <size>0x908</size>
         <input_file_ref idref="fl-8"/>
      </object_component>
      <object_component id="oc-20f">
         <name>.debug_info</name>
         <load_address>0x5a88</load_address>
         <run_address>0x5a88</run_address>
         <size>0x110</size>
         <input_file_ref idref="fl-8"/>
      </object_component>
      <object_component id="oc-2bb">
         <name>.debug_info</name>
         <load_address>0x5b98</load_address>
         <run_address>0x5b98</run_address>
         <size>0x39</size>
         <input_file_ref idref="fl-8"/>
      </object_component>
      <object_component id="oc-214">
         <name>.debug_info</name>
         <load_address>0x5bd1</load_address>
         <run_address>0x5bd1</run_address>
         <size>0x46</size>
         <input_file_ref idref="fl-8"/>
      </object_component>
      <object_component id="oc-2c0">
         <name>.debug_info</name>
         <load_address>0x5c17</load_address>
         <run_address>0x5c17</run_address>
         <size>0x76</size>
         <input_file_ref idref="fl-8"/>
      </object_component>
      <object_component id="oc-22e">
         <name>.debug_info</name>
         <load_address>0x5c8d</load_address>
         <run_address>0x5c8d</run_address>
         <size>0x6af</size>
         <input_file_ref idref="fl-9"/>
      </object_component>
      <object_component id="oc-22b">
         <name>.debug_info</name>
         <load_address>0x633c</load_address>
         <run_address>0x633c</run_address>
         <size>0x103</size>
         <input_file_ref idref="fl-9"/>
      </object_component>
      <object_component id="oc-222">
         <name>.debug_info</name>
         <load_address>0x643f</load_address>
         <run_address>0x643f</run_address>
         <size>0x115</size>
         <input_file_ref idref="fl-9"/>
      </object_component>
      <object_component id="oc-225">
         <name>.debug_info</name>
         <load_address>0x6554</load_address>
         <run_address>0x6554</run_address>
         <size>0x103</size>
         <input_file_ref idref="fl-9"/>
      </object_component>
      <object_component id="oc-228">
         <name>.debug_info</name>
         <load_address>0x6657</load_address>
         <run_address>0x6657</run_address>
         <size>0xff</size>
         <input_file_ref idref="fl-9"/>
      </object_component>
      <object_component id="oc-21f">
         <name>.debug_info</name>
         <load_address>0x6756</load_address>
         <run_address>0x6756</run_address>
         <size>0x11d</size>
         <input_file_ref idref="fl-9"/>
      </object_component>
      <object_component id="oc-150">
         <name>.debug_info</name>
         <load_address>0x6873</load_address>
         <run_address>0x6873</run_address>
         <size>0x6fa</size>
         <input_file_ref idref="fl-9"/>
      </object_component>
      <object_component id="oc-292">
         <name>.debug_info</name>
         <load_address>0x6f6d</load_address>
         <run_address>0x6f6d</run_address>
         <size>0x62</size>
         <input_file_ref idref="fl-9"/>
      </object_component>
      <object_component id="oc-230">
         <name>.debug_info</name>
         <load_address>0x6fcf</load_address>
         <run_address>0x6fcf</run_address>
         <size>0x617</size>
         <input_file_ref idref="fl-a"/>
      </object_component>
      <object_component id="oc-156">
         <name>.debug_info</name>
         <load_address>0x75e6</load_address>
         <run_address>0x75e6</run_address>
         <size>0x647</size>
         <input_file_ref idref="fl-a"/>
      </object_component>
      <object_component id="oc-287">
         <name>.debug_info</name>
         <load_address>0x7c2d</load_address>
         <run_address>0x7c2d</run_address>
         <size>0xadd</size>
         <input_file_ref idref="fl-b"/>
      </object_component>
      <object_component id="oc-1ee">
         <name>.debug_info</name>
         <load_address>0x870a</load_address>
         <run_address>0x870a</run_address>
         <size>0x31c1</size>
         <input_file_ref idref="fl-b"/>
      </object_component>
      <object_component id="oc-2b4">
         <name>.debug_info</name>
         <load_address>0xb8cb</load_address>
         <run_address>0xb8cb</run_address>
         <size>0x17d</size>
         <input_file_ref idref="fl-b"/>
      </object_component>
      <object_component id="oc-147">
         <name>.debug_info</name>
         <load_address>0xba48</load_address>
         <run_address>0xba48</run_address>
         <size>0xa84</size>
         <input_file_ref idref="fl-c"/>
      </object_component>
      <object_component id="oc-a5">
         <name>.debug_info</name>
         <load_address>0xc4cc</load_address>
         <run_address>0xc4cc</run_address>
         <size>0x372</size>
         <input_file_ref idref="fl-c"/>
      </object_component>
      <object_component id="oc-15c">
         <name>.debug_info</name>
         <load_address>0xc83e</load_address>
         <run_address>0xc83e</run_address>
         <size>0x119</size>
         <input_file_ref idref="fl-c"/>
      </object_component>
      <object_component id="oc-16b">
         <name>.debug_info</name>
         <load_address>0xc957</load_address>
         <run_address>0xc957</run_address>
         <size>0x119</size>
         <input_file_ref idref="fl-c"/>
      </object_component>
      <object_component id="oc-16e">
         <name>.debug_info</name>
         <load_address>0xca70</load_address>
         <run_address>0xca70</run_address>
         <size>0x119</size>
         <input_file_ref idref="fl-c"/>
      </object_component>
      <object_component id="oc-162">
         <name>.debug_info</name>
         <load_address>0xcb89</load_address>
         <run_address>0xcb89</run_address>
         <size>0x15c</size>
         <input_file_ref idref="fl-c"/>
      </object_component>
      <object_component id="oc-168">
         <name>.debug_info</name>
         <load_address>0xcce5</load_address>
         <run_address>0xcce5</run_address>
         <size>0x119</size>
         <input_file_ref idref="fl-c"/>
      </object_component>
      <object_component id="oc-15f">
         <name>.debug_info</name>
         <load_address>0xcdfe</load_address>
         <run_address>0xcdfe</run_address>
         <size>0x127</size>
         <input_file_ref idref="fl-c"/>
      </object_component>
      <object_component id="oc-165">
         <name>.debug_info</name>
         <load_address>0xcf25</load_address>
         <run_address>0xcf25</run_address>
         <size>0x11b</size>
         <input_file_ref idref="fl-c"/>
      </object_component>
      <object_component id="oc-ab">
         <name>.debug_info</name>
         <load_address>0xd040</load_address>
         <run_address>0xd040</run_address>
         <size>0x524e</size>
         <input_file_ref idref="fl-c"/>
      </object_component>
      <object_component id="oc-219">
         <name>.debug_info</name>
         <load_address>0x1228e</load_address>
         <run_address>0x1228e</run_address>
         <size>0x146</size>
         <input_file_ref idref="fl-c"/>
      </object_component>
      <object_component id="oc-f9">
         <name>.debug_info</name>
         <load_address>0x123d4</load_address>
         <run_address>0x123d4</run_address>
         <size>0x884</size>
         <input_file_ref idref="fl-e"/>
      </object_component>
      <object_component id="oc-f6">
         <name>.debug_info</name>
         <load_address>0x12c58</load_address>
         <run_address>0x12c58</run_address>
         <size>0x11a</size>
         <input_file_ref idref="fl-e"/>
      </object_component>
      <object_component id="oc-50">
         <name>.debug_info</name>
         <load_address>0x12d72</load_address>
         <run_address>0x12d72</run_address>
         <size>0xb80</size>
         <input_file_ref idref="fl-e"/>
      </object_component>
      <object_component id="oc-fc">
         <name>.debug_info</name>
         <load_address>0x138f2</load_address>
         <run_address>0x138f2</run_address>
         <size>0x13e</size>
         <input_file_ref idref="fl-e"/>
      </object_component>
      <object_component id="oc-1bc">
         <name>.debug_info</name>
         <load_address>0x13a30</load_address>
         <run_address>0x13a30</run_address>
         <size>0x611</size>
         <input_file_ref idref="fl-e"/>
      </object_component>
      <object_component id="oc-1c6">
         <name>.debug_info</name>
         <load_address>0x14041</load_address>
         <run_address>0x14041</run_address>
         <size>0x6c8</size>
         <input_file_ref idref="fl-e"/>
      </object_component>
      <object_component id="oc-e0">
         <name>.debug_info</name>
         <load_address>0x14709</load_address>
         <run_address>0x14709</run_address>
         <size>0x8b</size>
         <input_file_ref idref="fl-e"/>
      </object_component>
      <object_component id="oc-117">
         <name>.debug_info</name>
         <load_address>0x14794</load_address>
         <run_address>0x14794</run_address>
         <size>0x2c</size>
         <input_file_ref idref="fl-e"/>
      </object_component>
      <object_component id="oc-cc">
         <name>.debug_info</name>
         <load_address>0x147c0</load_address>
         <run_address>0x147c0</run_address>
         <size>0x539</size>
         <input_file_ref idref="fl-f"/>
      </object_component>
      <object_component id="oc-3e">
         <name>.debug_info</name>
         <load_address>0x14cf9</load_address>
         <run_address>0x14cf9</run_address>
         <size>0x422</size>
         <input_file_ref idref="fl-f"/>
      </object_component>
      <object_component id="oc-ec">
         <name>.debug_info</name>
         <load_address>0x1511b</load_address>
         <run_address>0x1511b</run_address>
         <size>0x996</size>
         <input_file_ref idref="fl-10"/>
      </object_component>
      <object_component id="oc-244">
         <name>.debug_info</name>
         <load_address>0x15ab1</load_address>
         <run_address>0x15ab1</run_address>
         <size>0x4e8</size>
         <input_file_ref idref="fl-2c"/>
      </object_component>
      <object_component id="oc-181">
         <name>.debug_info</name>
         <load_address>0x15f99</load_address>
         <run_address>0x15f99</run_address>
         <size>0x763</size>
         <input_file_ref idref="fl-2e"/>
      </object_component>
      <object_component id="oc-172">
         <name>.debug_info</name>
         <load_address>0x166fc</load_address>
         <run_address>0x166fc</run_address>
         <size>0x120</size>
         <input_file_ref idref="fl-2e"/>
      </object_component>
      <object_component id="oc-b2">
         <name>.debug_info</name>
         <load_address>0x1681c</load_address>
         <run_address>0x1681c</run_address>
         <size>0x292a</size>
         <input_file_ref idref="fl-2e"/>
      </object_component>
      <object_component id="oc-1a3">
         <name>.debug_info</name>
         <load_address>0x19146</load_address>
         <run_address>0x19146</run_address>
         <size>0x65b</size>
         <input_file_ref idref="fl-33"/>
      </object_component>
      <object_component id="oc-d5">
         <name>.debug_info</name>
         <load_address>0x197a1</load_address>
         <run_address>0x197a1</run_address>
         <size>0x346e</size>
         <input_file_ref idref="fl-33"/>
      </object_component>
      <object_component id="oc-25f">
         <name>.debug_info</name>
         <load_address>0x1cc0f</load_address>
         <run_address>0x1cc0f</run_address>
         <size>0x5fa</size>
         <input_file_ref idref="fl-34"/>
      </object_component>
      <object_component id="oc-24d">
         <name>.debug_info</name>
         <load_address>0x1d209</load_address>
         <run_address>0x1d209</run_address>
         <size>0x111</size>
         <input_file_ref idref="fl-34"/>
      </object_component>
      <object_component id="oc-250">
         <name>.debug_info</name>
         <load_address>0x1d31a</load_address>
         <run_address>0x1d31a</run_address>
         <size>0x109</size>
         <input_file_ref idref="fl-34"/>
      </object_component>
      <object_component id="oc-253">
         <name>.debug_info</name>
         <load_address>0x1d423</load_address>
         <run_address>0x1d423</run_address>
         <size>0x10d</size>
         <input_file_ref idref="fl-34"/>
      </object_component>
      <object_component id="oc-256">
         <name>.debug_info</name>
         <load_address>0x1d530</load_address>
         <run_address>0x1d530</run_address>
         <size>0x10f</size>
         <input_file_ref idref="fl-34"/>
      </object_component>
      <object_component id="oc-259">
         <name>.debug_info</name>
         <load_address>0x1d63f</load_address>
         <run_address>0x1d63f</run_address>
         <size>0x111</size>
         <input_file_ref idref="fl-34"/>
      </object_component>
      <object_component id="oc-25c">
         <name>.debug_info</name>
         <load_address>0x1d750</load_address>
         <run_address>0x1d750</run_address>
         <size>0x115</size>
         <input_file_ref idref="fl-34"/>
      </object_component>
      <object_component id="oc-24a">
         <name>.debug_info</name>
         <load_address>0x1d865</load_address>
         <run_address>0x1d865</run_address>
         <size>0x116</size>
         <input_file_ref idref="fl-34"/>
      </object_component>
      <object_component id="oc-17b">
         <name>.debug_info</name>
         <load_address>0x1d97b</load_address>
         <run_address>0x1d97b</run_address>
         <size>0x1529</size>
         <input_file_ref idref="fl-34"/>
      </object_component>
      <object_component id="oc-242">
         <name>.debug_info</name>
         <load_address>0x1eea4</load_address>
         <run_address>0x1eea4</run_address>
         <size>0x532</size>
         <input_file_ref idref="fl-3d"/>
      </object_component>
      <object_component id="oc-175">
         <name>.debug_info</name>
         <load_address>0x1f3d6</load_address>
         <run_address>0x1f3d6</run_address>
         <size>0x11d0</size>
         <input_file_ref idref="fl-3d"/>
      </object_component>
      <object_component id="oc-198">
         <name>.debug_info</name>
         <load_address>0x205a6</load_address>
         <run_address>0x205a6</run_address>
         <size>0x6c</size>
         <input_file_ref idref="fl-44"/>
      </object_component>
      <object_component id="oc-d1">
         <name>.debug_info</name>
         <load_address>0x20612</load_address>
         <run_address>0x20612</run_address>
         <size>0x6f1</size>
         <input_file_ref idref="fl-48"/>
      </object_component>
      <object_component id="oc-dc">
         <name>.debug_info</name>
         <load_address>0x20d03</load_address>
         <run_address>0x20d03</run_address>
         <size>0x10c</size>
         <input_file_ref idref="fl-48"/>
      </object_component>
      <object_component id="oc-ce">
         <name>.debug_info</name>
         <load_address>0x20e0f</load_address>
         <run_address>0x20e0f</run_address>
         <size>0x10b</size>
         <input_file_ref idref="fl-48"/>
      </object_component>
      <object_component id="oc-44">
         <name>.debug_info</name>
         <load_address>0x20f1a</load_address>
         <run_address>0x20f1a</run_address>
         <size>0xb7f</size>
         <input_file_ref idref="fl-48"/>
      </object_component>
      <object_component id="oc-f4">
         <name>.debug_info</name>
         <load_address>0x21a99</load_address>
         <run_address>0x21a99</run_address>
         <size>0x5e1</size>
         <input_file_ref idref="fl-4f"/>
      </object_component>
      <object_component id="oc-1a7">
         <name>.debug_info</name>
         <load_address>0x2207a</load_address>
         <run_address>0x2207a</run_address>
         <size>0x125</size>
         <input_file_ref idref="fl-4f"/>
      </object_component>
      <object_component id="oc-1aa">
         <name>.debug_info</name>
         <load_address>0x2219f</load_address>
         <run_address>0x2219f</run_address>
         <size>0x125</size>
         <input_file_ref idref="fl-4f"/>
      </object_component>
      <object_component id="oc-e6">
         <name>.debug_info</name>
         <load_address>0x222c4</load_address>
         <run_address>0x222c4</run_address>
         <size>0x129</size>
         <input_file_ref idref="fl-4f"/>
      </object_component>
      <object_component id="oc-e9">
         <name>.debug_info</name>
         <load_address>0x223ed</load_address>
         <run_address>0x223ed</run_address>
         <size>0x127</size>
         <input_file_ref idref="fl-4f"/>
      </object_component>
      <object_component id="oc-4a">
         <name>.debug_info</name>
         <load_address>0x22514</load_address>
         <run_address>0x22514</run_address>
         <size>0xfc0</size>
         <input_file_ref idref="fl-4f"/>
      </object_component>
      <object_component id="oc-1ae">
         <name>.debug_info</name>
         <load_address>0x234d4</load_address>
         <run_address>0x234d4</run_address>
         <size>0x86</size>
         <input_file_ref idref="fl-4f"/>
      </object_component>
      <object_component id="oc-ef">
         <name>.debug_info</name>
         <load_address>0x2355a</load_address>
         <run_address>0x2355a</run_address>
         <size>0x2c</size>
         <input_file_ref idref="fl-4f"/>
      </object_component>
      <object_component id="oc-1e8">
         <name>.debug_info</name>
         <load_address>0x23586</load_address>
         <run_address>0x23586</run_address>
         <size>0x210e</size>
         <input_file_ref idref="fl-52"/>
      </object_component>
      <object_component id="oc-26">
         <name>.debug_info</name>
         <load_address>0x25694</load_address>
         <run_address>0x25694</run_address>
         <size>0x160</size>
         <input_file_ref idref="fl-10d"/>
      </object_component>
      <object_component id="oc-10d">
         <name>.debug_info</name>
         <load_address>0x257f4</load_address>
         <run_address>0x257f4</run_address>
         <size>0x293</size>
         <input_file_ref idref="fl-10e"/>
      </object_component>
      <object_component id="oc-14">
         <name>.debug_info</name>
         <load_address>0x25a87</load_address>
         <run_address>0x25a87</run_address>
         <size>0x245</size>
         <input_file_ref idref="fl-10e"/>
      </object_component>
      <object_component id="oc-59">
         <name>.debug_info</name>
         <load_address>0x25ccc</load_address>
         <run_address>0x25ccc</run_address>
         <size>0x60</size>
         <input_file_ref idref="fl-10e"/>
      </object_component>
      <object_component id="oc-108">
         <name>.debug_info</name>
         <load_address>0x25d2c</load_address>
         <run_address>0x25d2c</run_address>
         <size>0x46</size>
         <input_file_ref idref="fl-10e"/>
      </object_component>
      <object_component id="oc-6e">
         <name>.debug_info</name>
         <load_address>0x25d72</load_address>
         <run_address>0x25d72</run_address>
         <size>0x2da</size>
         <input_file_ref idref="fl-10f"/>
      </object_component>
      <object_component id="oc-1a">
         <name>.debug_info</name>
         <load_address>0x2604c</load_address>
         <run_address>0x2604c</run_address>
         <size>0x1df</size>
         <input_file_ref idref="fl-10f"/>
      </object_component>
      <object_component id="oc-69">
         <name>.debug_info</name>
         <load_address>0x2622b</load_address>
         <run_address>0x2622b</run_address>
         <size>0x46</size>
         <input_file_ref idref="fl-10f"/>
      </object_component>
      <object_component id="oc-10f">
         <name>.debug_info</name>
         <load_address>0x26271</load_address>
         <run_address>0x26271</run_address>
         <size>0x2c</size>
         <input_file_ref idref="fl-10f"/>
      </object_component>
      <object_component id="oc-7a">
         <name>.debug_info</name>
         <load_address>0x2629d</load_address>
         <run_address>0x2629d</run_address>
         <size>0x2c9</size>
         <input_file_ref idref="fl-110"/>
      </object_component>
      <object_component id="oc-21">
         <name>.debug_info</name>
         <load_address>0x26566</load_address>
         <run_address>0x26566</run_address>
         <size>0x1aa</size>
         <input_file_ref idref="fl-110"/>
      </object_component>
      <object_component id="oc-75">
         <name>.debug_info</name>
         <load_address>0x26710</load_address>
         <run_address>0x26710</run_address>
         <size>0x46</size>
         <input_file_ref idref="fl-110"/>
      </object_component>
      <object_component id="oc-13d">
         <name>.debug_info</name>
         <load_address>0x26756</load_address>
         <run_address>0x26756</run_address>
         <size>0x3ce</size>
         <input_file_ref idref="fl-114"/>
      </object_component>
      <object_component id="oc-137">
         <name>.debug_info</name>
         <load_address>0x26b24</load_address>
         <run_address>0x26b24</run_address>
         <size>0x185</size>
         <input_file_ref idref="fl-114"/>
      </object_component>
      <object_component id="oc-94">
         <name>.debug_info</name>
         <load_address>0x26ca9</load_address>
         <run_address>0x26ca9</run_address>
         <size>0x214</size>
         <input_file_ref idref="fl-114"/>
      </object_component>
      <object_component id="oc-64">
         <name>.debug_info</name>
         <load_address>0x26ebd</load_address>
         <run_address>0x26ebd</run_address>
         <size>0x111</size>
         <input_file_ref idref="fl-11e"/>
      </object_component>
      <object_component id="oc-70">
         <name>.debug_info</name>
         <load_address>0x26fce</load_address>
         <run_address>0x26fce</run_address>
         <size>0x13f</size>
         <input_file_ref idref="fl-11f"/>
      </object_component>
      <object_component id="oc-7c">
         <name>.debug_info</name>
         <load_address>0x2710d</load_address>
         <run_address>0x2710d</run_address>
         <size>0x138</size>
         <input_file_ref idref="fl-120"/>
      </object_component>
      <object_component id="oc-82">
         <name>.debug_info</name>
         <load_address>0x27245</load_address>
         <run_address>0x27245</run_address>
         <size>0x148</size>
         <input_file_ref idref="fl-121"/>
      </object_component>
      <object_component id="oc-9a">
         <name>.debug_info</name>
         <load_address>0x2738d</load_address>
         <run_address>0x2738d</run_address>
         <size>0x109</size>
         <input_file_ref idref="fl-124"/>
      </object_component>
      <object_component id="oc-207">
         <name>.debug_info</name>
         <load_address>0x27496</load_address>
         <run_address>0x27496</run_address>
         <size>0x2be</size>
         <input_file_ref idref="fl-127"/>
      </object_component>
      <object_component id="oc-13a">
         <name>.debug_info</name>
         <load_address>0x27754</load_address>
         <run_address>0x27754</run_address>
         <size>0x113</size>
         <input_file_ref idref="fl-127"/>
      </object_component>
      <object_component id="oc-200">
         <name>.debug_info</name>
         <load_address>0x27867</load_address>
         <run_address>0x27867</run_address>
         <size>0x21f</size>
         <input_file_ref idref="fl-127"/>
      </object_component>
      <object_component id="oc-135">
         <name>.debug_info</name>
         <load_address>0x27a86</load_address>
         <run_address>0x27a86</run_address>
         <size>0x300</size>
         <input_file_ref idref="fl-128"/>
      </object_component>
      <object_component id="oc-8e">
         <name>.debug_info</name>
         <load_address>0x27d86</load_address>
         <run_address>0x27d86</run_address>
         <size>0x167</size>
         <input_file_ref idref="fl-128"/>
      </object_component>
      <object_component id="oc-1f8">
         <name>.debug_info</name>
         <load_address>0x27eed</load_address>
         <run_address>0x27eed</run_address>
         <size>0x5e</size>
         <input_file_ref idref="fl-128"/>
      </object_component>
      <object_component id="oc-12d">
         <name>.debug_info</name>
         <load_address>0x27f4b</load_address>
         <run_address>0x27f4b</run_address>
         <size>0x483</size>
         <input_file_ref idref="fl-129"/>
      </object_component>
      <object_component id="oc-8b">
         <name>.debug_info</name>
         <load_address>0x283ce</load_address>
         <run_address>0x283ce</run_address>
         <size>0x190</size>
         <input_file_ref idref="fl-129"/>
      </object_component>
      <object_component id="oc-1dd">
         <name>.debug_info</name>
         <load_address>0x2855e</load_address>
         <run_address>0x2855e</run_address>
         <size>0x39</size>
         <input_file_ref idref="fl-129"/>
      </object_component>
      <object_component id="oc-280">
         <name>.debug_info</name>
         <load_address>0x28597</load_address>
         <run_address>0x28597</run_address>
         <size>0x39</size>
         <input_file_ref idref="fl-129"/>
      </object_component>
      <object_component id="oc-1e2">
         <name>.debug_info</name>
         <load_address>0x285d0</load_address>
         <run_address>0x285d0</run_address>
         <size>0xcd</size>
         <input_file_ref idref="fl-129"/>
      </object_component>
      <object_component id="oc-1d9">
         <name>.debug_info</name>
         <load_address>0x2869d</load_address>
         <run_address>0x2869d</run_address>
         <size>0x37a</size>
         <input_file_ref idref="fl-12a"/>
      </object_component>
      <object_component id="oc-123">
         <name>.debug_info</name>
         <load_address>0x28a17</load_address>
         <run_address>0x28a17</run_address>
         <size>0x183</size>
         <input_file_ref idref="fl-12a"/>
      </object_component>
      <object_component id="oc-27b">
         <name>.debug_info</name>
         <load_address>0x28b9a</load_address>
         <run_address>0x28b9a</run_address>
         <size>0x2c</size>
         <input_file_ref idref="fl-12a"/>
      </object_component>
      <object_component id="oc-127">
         <name>.debug_info</name>
         <load_address>0x28bc6</load_address>
         <run_address>0x28bc6</run_address>
         <size>0x145</size>
         <input_file_ref idref="fl-12d"/>
      </object_component>
      <object_component id="oc-2ea">
         <name>.debug_info</name>
         <load_address>0x28d0b</load_address>
         <run_address>0x28d0b</run_address>
         <size>0xaa</size>
      </object_component>
      <object_component id="oc-268">
         <name>.debug_line</name>
         <load_address>0x0</load_address>
         <run_address>0x0</run_address>
         <size>0xfc</size>
         <input_file_ref idref="fl-2"/>
      </object_component>
      <object_component id="oc-132">
         <name>.debug_line</name>
         <load_address>0xfc</load_address>
         <run_address>0xfc</run_address>
         <size>0x88</size>
         <input_file_ref idref="fl-2"/>
      </object_component>
      <object_component id="oc-14b">
         <name>.debug_line</name>
         <load_address>0x184</load_address>
         <run_address>0x184</run_address>
         <size>0x5b</size>
         <input_file_ref idref="fl-2"/>
      </object_component>
      <object_component id="oc-106">
         <name>.debug_line</name>
         <load_address>0x1df</load_address>
         <run_address>0x1df</run_address>
[...]
      </symbol>
      <symbol id="sm-7a6">
         <name>I2C_enableInterrupt</name>
         <value>0x3ba9</value>
         <object_component_ref idref="oc-d4"/>
      </symbol>
      <symbol id="sm-7a7">
         <name>I2C_masterReceiveSingleByte</name>
         <value>0x366d</value>
         <object_component_ref idref="oc-d4"/>
      </symbol>
      <symbol id="sm-7a8">
         <name>I2C_disableModule</name>
         <value>0x3627</value>
         <object_component_ref idref="oc-d4"/>
      </symbol>
      <symbol id="sm-7a9">
         <name>I2C_getTransmitBufferAddressForDMA</name>
         <value>0x3b1d</value>
         <object_component_ref idref="oc-d4"/>
      </symbol>
      <symbol id="sm-82c">
         <name>Interrupt_disableMaster</name>
         <value>0x42e7</value>
         <object_component_ref idref="oc-17a"/>
      </symbol>
      <symbol id="sm-82d">
         <name>Interrupt_disableInterrupt</name>
         <value>0x4497</value>
         <object_component_ref idref="oc-17a"/>
      </symbol>
      <symbol id="sm-82e">
         <name>Interrupt_getPriorityMask</name>
         <value>0x4663</value>
         <object_component_ref idref="oc-17a"/>
      </symbol>
      <symbol id="sm-82f">
         <name>Interrupt_unpendInterrupt</name>
         <value>0x4605</value>
         <object_component_ref idref="oc-17a"/>
      </symbol>
      <symbol id="sm-830">
         <name>Interrupt_setPriorityMask</name>
         <value>0x4653</value>
         <object_component_ref idref="oc-17a"/>
      </symbol>
      <symbol id="sm-831">
         <name>Interrupt_unregisterInterrupt</name>
         <value>0x4349</value>
         <object_component_ref idref="oc-17a"/>
      </symbol>
      <symbol id="sm-832">
         <name>Interrupt_setVectorTableAddress</name>
         <value>0x466d</value>
         <object_component_ref idref="oc-17a"/>
      </symbol>
      <symbol id="sm-833">
         <name>Interrupt_setPriority</name>
         <value>0x43af</value>
         <object_component_ref idref="oc-17a"/>
      </symbol>
      <symbol id="sm-834">
         <name>Interrupt_enableSleepOnIsrExit</name>
         <value>0x4683</value>
         <object_component_ref idref="oc-17a"/>
      </symbol>
      <symbol id="sm-835">
         <name>Interrupt_enableMaster</name>
         <value>0x42d7</value>
         <object_component_ref idref="oc-17a"/>
      </symbol>
      <symbol id="sm-836">
         <name>Interrupt_enableInterrupt</name>
         <value>0x4425</value>
         <object_component_ref idref="oc-17a"/>
      </symbol>
      <symbol id="sm-837">
         <name>Interrupt_getPriority</name>
         <value>0x43ff</value>
         <object_component_ref idref="oc-17a"/>
      </symbol>
      <symbol id="sm-838">
         <name>Interrupt_registerInterrupt</name>
         <value>0x42f7</value>
         <object_component_ref idref="oc-17a"/>
      </symbol>
      <symbol id="sm-839">
         <name>g_pfnRAMVectors</name>
         <value>0x20000000</value>
         <object_component_ref idref="oc-249"/>
      </symbol>
      <symbol id="sm-83a">
         <name>Interrupt_disableSleepOnIsrExit</name>
         <value>0x4695</value>
         <object_component_ref idref="oc-17a"/>
      </symbol>
      <symbol id="sm-83b">
         <name>Interrupt_setPriorityGrouping</name>
         <value>0x435d</value>
         <object_component_ref idref="oc-17a"/>
      </symbol>
      <symbol id="sm-83c">
         <name>Interrupt_getPriorityGrouping</name>
         <value>0x4377</value>
         <object_component_ref idref="oc-17a"/>
      </symbol>
      <symbol id="sm-83d">
         <name>Interrupt_getVectorTableAddress</name>
         <value>0x467d</value>
         <object_component_ref idref="oc-17a"/>
      </symbol>
      <symbol id="sm-83e">
         <name>Interrupt_isEnabled</name>
         <value>0x4509</value>
         <object_component_ref idref="oc-17a"/>
      </symbol>
      <symbol id="sm-83f">
         <name>Interrupt_pendInterrupt</name>
         <value>0x4595</value>
         <object_component_ref idref="oc-17a"/>
      </symbol>
      <symbol id="sm-88a">
         <name>SysCtl_disableSRAMBankRetention</name>
         <value>0x5419</value>
         <object_component_ref idref="oc-174"/>
      </symbol>
      <symbol id="sm-88b">
         <name>SysCtl_getTempCalibrationConstant</name>
         <value>0x54c7</value>
         <object_component_ref idref="oc-174"/>
      </symbol>
      <symbol id="sm-88c">
         <name>SysCtl_enablePeripheralAtCPUHalt</name>
         <value>0x543f</value>
         <object_component_ref idref="oc-174"/>
      </symbol>
      <symbol id="sm-88d">
         <name>SysCtl_getSRAMSize</name>
         <value>0x533f</value>
         <object_component_ref idref="oc-174"/>
      </symbol>
      <symbol id="sm-88e">
         <name>SysCtl_enableSRAMBank</name>
         <value>0x5379</value>
         <object_component_ref idref="oc-174"/>
      </symbol>
      <symbol id="sm-88f">
         <name>SysCtl_disablePeripheralAtCPUHalt</name>
         <value>0x5453</value>
         <object_component_ref idref="oc-174"/>
      </symbol>
      <symbol id="sm-890">
         <name>SysCtl_setWDTTimeoutResetType</name>
         <value>0x5467</value>
         <object_component_ref idref="oc-174"/>
      </symbol>
      <symbol id="sm-891">
         <name>SysCtl_getNMISourceStatus</name>
         <value>0x5373</value>
         <object_component_ref idref="oc-174"/>
      </symbol>
      <symbol id="sm-892">
         <name>SysCtl_enableNMISource</name>
         <value>0x535f</value>
         <object_component_ref idref="oc-174"/>
      </symbol>
      <symbol id="sm-893">
         <name>SysCtl_disableSRAMBank</name>
         <value>0x5395</value>
         <object_component_ref idref="oc-174"/>
      </symbol>
      <symbol id="sm-894">
         <name>SysCtl_disableGlitchFilter</name>
         <value>0x54bb</value>
         <object_component_ref idref="oc-174"/>
      </symbol>
      <symbol id="sm-895">
         <name>SysCtl_disableNMISource</name>
         <value>0x534b</value>
         <object_component_ref idref="oc-174"/>
      </symbol>
      <symbol id="sm-896">
         <name>SysCtl_setWDTPasswordViolationResetType</name>
         <value>0x548b</value>
         <object_component_ref idref="oc-174"/>
      </symbol>
      <symbol id="sm-897">
         <name>SysCtl_rebootDevice</name>
         <value>0x5435</value>
         <object_component_ref idref="oc-174"/>
      </symbol>
      <symbol id="sm-898">
         <name>SysCtl_getFlashSize</name>
         <value>0x5345</value>
         <object_component_ref idref="oc-174"/>
      </symbol>
      <symbol id="sm-899">
         <name>SysCtl_getTLVInfo</name>
         <value>0x52c9</value>
         <object_component_ref idref="oc-174"/>
      </symbol>
      <symbol id="sm-89a">
         <name>SysCtl_enableGlitchFilter</name>
         <value>0x54af</value>
         <object_component_ref idref="oc-174"/>
      </symbol>
      <symbol id="sm-89b">
         <name>SysCtl_enableSRAMBankRetention</name>
         <value>0x53fd</value>
         <object_component_ref idref="oc-174"/>
      </symbol>
      <symbol id="sm-904">
         <name>ui8Status</name>
         <value>0x2000d6f6</value>
      </symbol>
      <symbol id="sm-905">
         <name>pData</name>
         <value>0x2000d6f0</value>
      </symbol>
      <symbol id="sm-906">
         <name>ui8DummyRead</name>
         <value>0x2000d6f5</value>
      </symbol>
      <symbol id="sm-907">
         <name>g_ui32ByteCount</name>
         <value>0x2000d6ec</value>
      </symbol>
      <symbol id="sm-908">
         <name>I2C_init</name>
         <value>0x3d1d</value>
         <object_component_ref idref="oc-43"/>
      </symbol>
      <symbol id="sm-909">
         <name>EUSCIB1_IRQHandler</name>
         <value>0x41e5</value>
         <object_component_ref idref="oc-43"/>
      </symbol>
      <symbol id="sm-90a">
         <name>I2C_read</name>
         <value>0x3e0b</value>
         <object_component_ref idref="oc-43"/>
      </symbol>
      <symbol id="sm-90b">
         <name>I2C_readBurst</name>
         <value>0x3f27</value>
         <object_component_ref idref="oc-43"/>
      </symbol>
      <symbol id="sm-90c">
         <name>I2C_write</name>
         <value>0x3d39</value>
         <object_component_ref idref="oc-43"/>
      </symbol>
      <symbol id="sm-90d">
         <name>I2C_read16</name>
         <value>0x4111</value>
         <object_component_ref idref="oc-43"/>
      </symbol>
      <symbol id="sm-90e">
         <name>I2C_write16</name>
         <value>0x405d</value>
         <object_component_ref idref="oc-43"/>
      </symbol>
      <symbol id="sm-90f">
         <name>burstMode</name>
         <value>0x20000188</value>
         <object_component_ref idref="oc-db"/>
      </symbol>
      <symbol id="sm-96c">
         <name>edu_boosterpack_microphone_callback_set</name>
         <value>0x4dc5</value>
         <object_component_ref idref="oc-49"/>
      </symbol>
      <symbol id="sm-96d">
         <name>edu_boosterpack_microphone_init</name>
         <value>0x4db5</value>
         <object_component_ref idref="oc-49"/>
      </symbol>
      <symbol id="sm-96e">
         <name>DMA_INT1_IRQHandler</name>
         <value>0x4fdd</value>
         <object_component_ref idref="oc-49"/>
      </symbol>
      <symbol id="sm-96f">
         <name>edu_boosterpack_microphone_restart</name>
         <value>0x4e0d</value>
         <object_component_ref idref="oc-49"/>
      </symbol>
      <symbol id="sm-970">
         <name>edu_boosterpack_microphone_start</name>
         <value>0x4ddd</value>
         <object_component_ref idref="oc-49"/>
      </symbol>
      <symbol id="sm-971">
         <name>edu_boosterpack_microphone_stop</name>
         <value>0x4df5</value>
         <object_component_ref idref="oc-49"/>
      </symbol>
      <symbol id="sm-972">
         <name>edu_boosterpack_microphone_get_data</name>
         <value>0x4e6f</value>
         <object_component_ref idref="oc-49"/>
      </symbol>
      <symbol id="sm-973">
         <name>edu_boosterpack_microphone_callback_clear</name>
         <value>0x4dd5</value>
         <object_component_ref idref="oc-49"/>
      </symbol>
      <symbol id="sm-9ae">
         <name>debug1_off</name>
         <value>0x4775</value>
         <object_component_ref idref="oc-1e7"/>
      </symbol>
      <symbol id="sm-9af">
         <name>debug1_toggle</name>
         <value>0x4781</value>
         <object_component_ref idref="oc-1e7"/>
      </symbol>
      <symbol id="sm-9b0">
         <name>debug4_on</name>
         <value>0x47d5</value>
         <object_component_ref idref="oc-1e7"/>
      </symbol>
      <symbol id="sm-9b1">
         <name>led_red_toggle</name>
         <value>0x46f1</value>
         <object_component_ref idref="oc-1e7"/>
      </symbol>
      <symbol id="sm-9b2">
         <name>led_green_toggle</name>
         <value>0x4739</value>
         <object_component_ref idref="oc-1e7"/>
      </symbol>
      <symbol id="sm-9b3">
         <name>led_red1_off</name>
         <value>0x4751</value>
         <object_component_ref idref="oc-1e7"/>
      </symbol>
      <symbol id="sm-9b4">
         <name>debug1_on</name>
         <value>0x4769</value>
         <object_component_ref idref="oc-1e7"/>
      </symbol>
      <symbol id="sm-9b5">
         <name>board_init</name>
         <value>0x46c5</value>
         <object_component_ref idref="oc-1e7"/>
      </symbol>
      <symbol id="sm-9b6">
         <name>led_red_off</name>
         <value>0x46e5</value>
         <object_component_ref idref="oc-1e7"/>
      </symbol>
      <symbol id="sm-9b7">
         <name>led_red1_toggle</name>
         <value>0x475d</value>
         <object_component_ref idref="oc-1e7"/>
      </symbol>
      <symbol id="sm-9b8">
         <name>led_blue_off</name>
         <value>0x4709</value>
         <object_component_ref idref="oc-1e7"/>
      </symbol>
      <symbol id="sm-9b9">
         <name>debug3_toggle</name>
         <value>0x47c9</value>
         <object_component_ref idref="oc-1e7"/>
      </symbol>
      <symbol id="sm-9ba">
         <name>debug4_toggle</name>
         <value>0x47ed</value>
         <object_component_ref idref="oc-1e7"/>
      </symbol>
      <symbol id="sm-9bb">
         <name>led_red_on</name>
         <value>0x46d9</value>
         <object_component_ref idref="oc-1e7"/>
      </symbol>
      <symbol id="sm-9bc">
         <name>debug4_off</name>
         <value>0x47e1</value>
         <object_component_ref idref="oc-1e7"/>
      </symbol>
      <symbol id="sm-9bd">
         <name>debug3_on</name>
         <value>0x47b1</value>
         <object_component_ref idref="oc-1e7"/>
      </symbol>
      <symbol id="sm-9be">
         <name>led_blue_toggle</name>
         <value>0x4715</value>
         <object_component_ref idref="oc-1e7"/>
      </symbol>
      <symbol id="sm-9bf">
         <name>debug2_toggle</name>
         <value>0x47a5</value>
         <object_component_ref idref="oc-1e7"/>
      </symbol>
      <symbol id="sm-9c0">
         <name>debug2_off</name>
         <value>0x4799</value>
         <object_component_ref idref="oc-1e7"/>
      </symbol>
      <symbol id="sm-9c1">
         <name>debug2_on</name>
         <value>0x478d</value>
         <object_component_ref idref="oc-1e7"/>
      </symbol>
      <symbol id="sm-9c2">
         <name>debug3_off</name>
         <value>0x47bd</value>
         <object_component_ref idref="oc-1e7"/>
      </symbol>
      <symbol id="sm-9c3">
         <name>led_green_off</name>
         <value>0x472d</value>
         <object_component_ref idref="oc-1e7"/>
      </symbol>
      <symbol id="sm-9c4">
         <name>led_blue_on</name>
         <value>0x46fd</value>
         <object_component_ref idref="oc-1e7"/>
      </symbol>
      <symbol id="sm-9c5">
         <name>led_green_on</name>
         <value>0x4721</value>
         <object_component_ref idref="oc-1e7"/>
      </symbol>
      <symbol id="sm-9c6">
         <name>led_red1_on</name>
         <value>0x4745</value>
         <object_component_ref idref="oc-1e7"/>
      </symbol>
      <symbol id="sm-9d8">
         <name>_c_int00</name>
         <value>0x5d71</value>
         <object_component_ref idref="oc-25"/>
      </symbol>
      <symbol id="sm-9d9">
         <name>__stack</name>
         <value>0x2000fe00</value>
         <object_component_ref idref="oc-2b"/>
      </symbol>
      <symbol id="sm-9f7">
         <name>__TI_decompress_lzss</name>
         <value>0x5d09</value>
         <object_component_ref idref="oc-13"/>
      </symbol>
      <symbol id="sm-a0e">
         <name>__TI_decompress_none</name>
         <value>0x5f31</value>
         <object_component_ref idref="oc-19"/>
      </symbol>
      <symbol id="sm-a20">
         <name>__TI_zero_init</name>
         <value>0x5f3f</value>
         <object_component_ref idref="oc-1f"/>
      </symbol>
      <symbol id="sm-a44">
         <name>C$$EXIT</name>
         <value>0x5dc5</value>
         <object_component_ref idref="oc-93"/>
      </symbol>
      <symbol id="sm-a45">
         <name>abort</name>
         <value>0x5dc9</value>
         <object_component_ref idref="oc-93"/>
      </symbol>
      <symbol id="sm-a46">
         <name>exit</name>
         <value>0x5dd1</value>
         <object_component_ref idref="oc-93"/>
      </symbol>
      <symbol id="sm-a47">
         <name>__TI_dtors_ptr</name>
         <value>0x20000158</value>
         <object_component_ref idref="oc-136"/>
      </symbol>
      <symbol id="sm-a48">
         <name>__TI_cleanup_ptr</name>
         <value>0x20000154</value>
         <object_component_ref idref="oc-136"/>
      </symbol>
      <symbol id="sm-a49">
         <name>__TI_enable_exit_profile_output</name>
         <value>0x2000015c</value>
         <object_component_ref idref="oc-136"/>
      </symbol>
      <symbol id="sm-a6d">
         <name>memcpy</name>
         <value>0x5b83</value>
         <object_component_ref idref="oc-63"/>
      </symbol>
      <symbol id="sm-a6e">
         <name>__aeabi_memcpy</name>
         <value>0x5b83</value>
         <object_component_ref idref="oc-63"/>
      </symbol>
      <symbol id="sm-a6f">
         <name>__aeabi_memcpy8</name>
         <value>0x5b83</value>
         <object_component_ref idref="oc-63"/>
      </symbol>
      <symbol id="sm-a70">
         <name>__aeabi_memcpy4</name>
         <value>0x5b83</value>
         <object_component_ref idref="oc-63"/>
      </symbol>
      <symbol id="sm-a7f">
         <name>__aeabi_memset</name>
         <value>0x5c21</value>
         <object_component_ref idref="oc-6f"/>
      </symbol>
      <symbol id="sm-a80">
         <name>memset</name>
         <value>0x5c27</value>
         <object_component_ref idref="oc-6f"/>
      </symbol>
      <symbol id="sm-a81">
         <name>__aeabi_memset8</name>
         <value>0x5c21</value>
         <object_component_ref idref="oc-6f"/>
      </symbol>
      <symbol id="sm-a82">
         <name>__aeabi_memset4</name>
         <value>0x5c21</value>
         <object_component_ref idref="oc-6f"/>
      </symbol>
      <symbol id="sm-a83">
         <name>__aeabi_memclr8</name>
         <value>0x5c1f</value>
         <object_component_ref idref="oc-6f"/>
      </symbol>
      <symbol id="sm-a84">
         <name>__aeabi_memclr4</name>
         <value>0x5c1f</value>
         <object_component_ref idref="oc-6f"/>
      </symbol>
      <symbol id="sm-a85">
         <name>__aeabi_memclr</name>
         <value>0x5c1f</value>
         <object_component_ref idref="oc-6f"/>
      </symbol>
      <symbol id="sm-a8f">
         <name>__mpu_init</name>
         <value>0x59cf</value>
         <object_component_ref idref="oc-7b"/>
      </symbol>
      <symbol id="sm-a99">
         <name>_system_pre_init</name>
         <value>0x5f4b</value>
         <object_component_ref idref="oc-81"/>
      </symbol>
      <symbol id="sm-aa3">
         <name>main_func_sp</name>
         <value>0x20000180</value>
         <object_component_ref idref="oc-99"/>
      </symbol>
      <symbol id="sm-abe">
         <name>_nop</name>
         <value>0x5f2b</value>
         <object_component_ref idref="oc-1ff"/>
      </symbol>
      <symbol id="sm-abf">
         <name>_lock</name>
         <value>0x2000016c</value>
         <object_component_ref idref="oc-139"/>
      </symbol>
      <symbol id="sm-ac0">
         <name>_unlock</name>
         <value>0x20000170</value>
         <object_component_ref idref="oc-139"/>
      </symbol>
      <symbol id="sm-ac1">
         <name>_register_lock</name>
         <value>0x5f23</value>
         <object_component_ref idref="oc-1ff"/>
      </symbol>
      <symbol id="sm-ac2">
         <name>_register_unlock</name>
         <value>0x5f1d</value>
         <object_component_ref idref="oc-1ff"/>
      </symbol>
      <symbol id="sm-ad6">
         <name>_args_main</name>
         <value>0x5f05</value>
         <object_component_ref idref="oc-8d"/>
      </symbol>
      <symbol id="sm-b00">
         <name>__TI_auto_init</name>
         <value>0x5c99</value>
         <object_component_ref idref="oc-87"/>
      </symbol>
      <symbol id="sm-b1a">
         <name>copy_in</name>
         <value>0x5e19</value>
         <object_component_ref idref="oc-120"/>
      </symbol>
      <symbol id="sm-b26">
         <name>_system_post_cinit</name>
         <value>0x5ee3</value>
         <object_component_ref idref="oc-126"/>
      </symbol>
      <symbol id="sm-b27">
         <name>__TI_static_base__</name>
         <value>0x0</value>
      </symbol>
      <symbol id="sm-b2a">
         <name>SHT$$INIT_ARRAY$$Limit</name>
         <value>0x0</value>
      </symbol>
      <symbol id="sm-b2b">
         <name>SHT$$INIT_ARRAY$$Base</name>
         <value>0x0</value>
      </symbol>
   </symbol_table>
   <title>Link successful</title>
</link_info>
